43.249.129.177 - - [08/Aug/2025:06:57:38 +0000] "GET /assets/assets/fonts/KFOmCnqEu92Fr1Mu4mxKKTU1Kg.woff2 HTTP/2.0" 200 11016 "https://sakura.wiki/assets/index-BTFcKfX-.css" "Mozilla/5.0 (X11; U; Linux x86_64) AppleWebKit/537.36 (KHTML, like Gecko) Ubuntu Chromium/115.0.5810.222 Chrome/115.0.5810.222 Safari/537.36"
43.249.129.177 - - [08/Aug/2025:06:57:39 +0000] "GET /telebook/api/profile-data.php HTTP/2.0" 404 9970 "https://sakura.wiki/" "Mozilla/5.0 (X11; U; Linux x86_64) AppleWebKit/537.36 (KHTML, like Gecko) Ubuntu Chromium/115.0.5810.222 Chrome/115.0.5810.222 Safari/537.36"
43.249.129.177 - - [08/Aug/2025:06:57:39 +0000] "GET /sw-BmNWwcxg.js HTTP/2.0" 200 26485 "https://sakura.wiki/" "Mozilla/5.0 (X11; U; Linux x86_64) AppleWebKit/537.36 (KHTML, like Gecko) Ubuntu Chromium/115.0.5810.222 Chrome/115.0.5810.222 Safari/537.36"
43.249.129.177 - - [08/Aug/2025:06:57:39 +0000] "GET /assets/img/icon-32.png HTTP/2.0" 404 9970 "https://sakura.wiki/" "Mozilla/5.0 (X11; U; Linux x86_64) AppleWebKit/537.36 (KHTML, like Gecko) Ubuntu Chromium/115.0.5810.222 Chrome/115.0.5810.222 Safari/537.36"
43.249.129.177 - - [08/Aug/2025:06:57:40 +0000] "GET /assets/img/icon-16.png HTTP/2.0" 404 9970 "https://sakura.wiki/" "Mozilla/5.0 (X11; U; Linux x86_64) AppleWebKit/537.36 (KHTML, like Gecko) Ubuntu Chromium/115.0.5810.222 Chrome/115.0.5810.222 Safari/537.36"
43.249.129.177 - - [08/Aug/2025:06:57:42 +0000] "GET /sw-J3PrCgfy.js HTTP/2.0" 200 107592 "https://sakura.wiki/" "\x22Mozilla/5.0 (Windows NT 10.0; Win64; x64) AppleWebKit/537.36 (KHTML, like Gecko) Chrome/127.0.0.0 Safari/537.36\x22"
43.249.129.177 - - [08/Aug/2025:06:57:43 +0000] "GET /assets/assets/fonts/KFOlCnqEu92Fr1MmEU9fBBc4AMP6lQ.woff2 HTTP/2.0" 200 11056 "https://sakura.wiki/assets/index-BTFcKfX-.css" "Mozilla/5.0 (X11; U; Linux x86_64) AppleWebKit/537.36 (KHTML, like Gecko) Ubuntu Chromium/115.0.5810.222 Chrome/115.0.5810.222 Safari/537.36"
43.249.129.177 - - [08/Aug/2025:06:57:50 +0000] "GET /sw-BmNWwcxg.js HTTP/2.0" 200 26485 "https://sakura.wiki/sw-J3PrCgfy.js" "Mozilla/5.0 (X11; U; Linux x86_64) AppleWebKit/537.36 (KHTML, like Gecko) Ubuntu Chromium/115.0.5810.222 Chrome/115.0.5810.222 Safari/537.36"
43.249.129.177 - - [08/Aug/2025:06:57:52 +0000] "GET /telebook/api/profile-data.php HTTP/2.0" 404 9970 "https://sakura.wiki/" "Mozilla/5.0 (X11; U; Linux x86_64) AppleWebKit/537.36 (KHTML, like Gecko) Ubuntu Chromium/115.0.5810.222 Chrome/115.0.5810.222 Safari/537.36"
43.249.129.177 - - [08/Aug/2025:06:57:52 +0000] "GET /sw-J3PrCgfy.js HTTP/2.0" 200 107592 "https://sakura.wiki/sw-J3PrCgfy.js" "\x22Mozilla/5.0 (Windows NT 10.0; Win64; x64) AppleWebKit/537.36 (KHTML, like Gecko) Chrome/127.0.0.0 Safari/537.36\x22"
43.249.129.177 - - [08/Aug/2025:07:02:56 +0000] "GET / HTTP/1.1" 200 26314 "-" "Mozilla/5.0 (Windows NT 10.0; Win64; x64) AppleWebKit/537.36 (KHTML, like Gecko) Chrome/132.0.0.0 Safari/537.36 Edg/132.0.0.0"
43.249.129.177 - - [08/Aug/2025:07:02:58 +0000] "GET /OU60aw3Bl5bQ5KqAn.php HTTP/1.1" 404 26314 "-" "Mozilla/5.0 (Windows NT 10.0; Win64; x64) AppleWebKit/537.36 (KHTML, like Gecko) Chrome/132.0.0.0 Safari/537.36 Edg/132.0.0.0"
43.249.129.177 - - [08/Aug/2025:07:03:01 +0000] "GET /YluVLTuzfZh_j6zm_0.php HTTP/1.1" 404 26314 "-" "Mozilla/5.0 (Windows NT 10.0; Win64; x64) AppleWebKit/537.36 (KHTML, like Gecko) Chrome/132.0.0.0 Safari/537.36 Edg/132.0.0.0"
43.249.129.177 - - [08/Aug/2025:07:03:03 +0000] "GET /C2iEMuhGD5PTGslDmu3.php HTTP/1.1" 404 26314 "-" "Mozilla/5.0 (Windows NT 10.0; Win64; x64) AppleWebKit/537.36 (KHTML, like Gecko) Chrome/132.0.0.0 Safari/537.36 Edg/132.0.0.0"
43.249.129.177 - - [08/Aug/2025:07:03:05 +0000] "GET /cong.php HTTP/1.1" 404 26314 "-" "Mozilla/5.0 (Windows NT 10.0; Win64; x64) AppleWebKit/537.36 (KHTML, like Gecko) Chrome/132.0.0.0 Safari/537.36 Edg/132.0.0.0"
43.249.129.177 - - [08/Aug/2025:07:03:09 +0000] "GET /alfditz.php HTTP/1.1" 404 26314 "-" "Mozilla/5.0 (Windows NT 10.0; Win64; x64) AppleWebKit/537.36 (KHTML, like Gecko) Chrome/132.0.0.0 Safari/537.36 Edg/132.0.0.0"
43.249.129.177 - - [08/Aug/2025:07:03:11 +0000] "GET /alfanewditz.php HTTP/1.1" 404 26314 "-" "Mozilla/5.0 (Windows NT 10.0; Win64; x64) AppleWebKit/537.36 (KHTML, like Gecko) Chrome/132.0.0.0 Safari/537.36 Edg/132.0.0.0"
43.249.129.177 - - [08/Aug/2025:07:03:13 +0000] "GET /wpautoedit.php HTTP/1.1" 404 26314 "-" "Mozilla/5.0 (Windows NT 10.0; Win64; x64) AppleWebKit/537.36 (KHTML, like Gecko) Chrome/132.0.0.0 Safari/537.36 Edg/132.0.0.0"
43.249.129.177 - - [08/Aug/2025:07:03:14 +0000] "GET /wsoditz.php HTTP/1.1" 404 26314 "-" "Mozilla/5.0 (Windows NT 10.0; Win64; x64) AppleWebKit/537.36 (KHTML, like Gecko) Chrome/132.0.0.0 Safari/537.36 Edg/132.0.0.0"
43.249.129.177 - - [08/Aug/2025:07:03:16 +0000] "GET /index1.php HTTP/1.1" 404 26314 "-" "Mozilla/5.0 (Windows NT 10.0; Win64; x64) AppleWebKit/537.36 (KHTML, like Gecko) Chrome/132.0.0.0 Safari/537.36 Edg/132.0.0.0"
43.249.129.177 - - [08/Aug/2025:07:03:18 +0000] "GET /wsoditz1.php HTTP/1.1" 404 26314 "-" "Mozilla/5.0 (Windows NT 10.0; Win64; x64) AppleWebKit/537.36 (KHTML, like Gecko) Chrome/132.0.0.0 Safari/537.36 Edg/132.0.0.0"
43.249.129.177 - - [08/Aug/2025:07:03:20 +0000] "GET /test.php HTTP/1.1" 404 26314 "-" "Mozilla/5.0 (Windows NT 10.0; Win64; x64) AppleWebKit/537.36 (KHTML, like Gecko) Chrome/132.0.0.0 Safari/537.36 Edg/132.0.0.0"
43.249.129.177 - - [08/Aug/2025:07:03:22 +0000] "GET /shellv3.php HTTP/1.1" 404 26314 "-" "Mozilla/5.0 (Windows NT 10.0; Win64; x64) AppleWebKit/537.36 (KHTML, like Gecko) Chrome/132.0.0.0 Safari/537.36 Edg/132.0.0.0"
43.249.129.177 - - [08/Aug/2025:07:03:24 +0000] "GET /lufix.php HTTP/1.1" 404 26314 "-" "Mozilla/5.0 (Windows NT 10.0; Win64; x64) AppleWebKit/537.36 (KHTML, like Gecko) Chrome/132.0.0.0 Safari/537.36 Edg/132.0.0.0"
43.249.129.177 - - [08/Aug/2025:07:03:27 +0000] "GET /sym403bp.php HTTP/1.1" 404 26314 "-" "Mozilla/5.0 (Windows NT 10.0; Win64; x64) AppleWebKit/537.36 (KHTML, like Gecko) Chrome/132.0.0.0 Safari/537.36 Edg/132.0.0.0"
164.90.241.135 - - [08/Aug/2025:07:03:27 +0000] "GET / HTTP/1.1" 200 9983 "-" "Mozilla/5.0 (X11; U; Linux x86_64) AppleWebKit/537.36 (KHTML, like Gecko) Ubuntu Chromium/115.0.5810.222 Chrome/115.0.5810.222 Safari/537.36"
146.190.11.185 - - [08/Aug/2025:07:03:28 +0000] "GET / HTTP/1.1" 200 9983 "-" "Mozilla/5.0 (X11; U; Linux x86_64) AppleWebKit/537.36 (KHTML, like Gecko) Ubuntu Chromium/115.0.5810.222 Chrome/115.0.5810.222 Safari/537.36"
174.138.115.87 - - [08/Aug/2025:07:03:28 +0000] "GET / HTTP/1.1" 200 9983 "-" "Mozilla/5.0 (X11; U; Linux x86_64) AppleWebKit/537.36 (KHTML, like Gecko) Ubuntu Chromium/115.0.5810.222 Chrome/115.0.5810.222 Safari/537.36"
43.249.129.177 - - [08/Aug/2025:07:03:29 +0000] "GET / HTTP/1.1" 200 9983 "-" "Mozilla/5.0 (X11; U; Linux x86_64) AppleWebKit/537.36 (KHTML, like Gecko) Ubuntu Chromium/115.0.5810.222 Chrome/115.0.5810.222 Safari/537.36"
164.90.241.135 - - [08/Aug/2025:07:03:30 +0000] "GET / HTTP/2.0" 200 9970 "-" "Mozilla/5.0 (X11; U; Linux x86_64) AppleWebKit/537.36 (KHTML, like Gecko) Ubuntu Chromium/115.0.5810.222 Chrome/115.0.5810.222 Safari/537.36"
146.190.11.185 - - [08/Aug/2025:07:03:30 +0000] "GET / HTTP/2.0" 200 9970 "-" "Mozilla/5.0 (X11; U; Linux x86_64) AppleWebKit/537.36 (KHTML, like Gecko) Ubuntu Chromium/115.0.5810.222 Chrome/115.0.5810.222 Safari/537.36"
174.138.115.87 - - [08/Aug/2025:07:03:30 +0000] "GET / HTTP/2.0" 200 9970 "-" "Mozilla/5.0 (X11; U; Linux x86_64) AppleWebKit/537.36 (KHTML, like Gecko) Ubuntu Chromium/115.0.5810.222 Chrome/115.0.5810.222 Safari/537.36"
43.249.129.177 - - [08/Aug/2025:07:03:31 +0000] "GET / HTTP/2.0" 200 9970 "-" "Mozilla/5.0 (X11; U; Linux x86_64) AppleWebKit/537.36 (KHTML, like Gecko) Ubuntu Chromium/115.0.5810.222 Chrome/115.0.5810.222 Safari/537.36"
43.249.129.177 - - [08/Aug/2025:07:03:32 +0000] "GET /xleet.php HTTP/1.1" 404 26314 "-" "Mozilla/5.0 (Windows NT 10.0; Win64; x64) AppleWebKit/537.36 (KHTML, like Gecko) Chrome/132.0.0.0 Safari/537.36 Edg/132.0.0.0"
43.249.129.177 - - [08/Aug/2025:07:03:32 +0000] "GET / HTTP/2.0" 200 9970 "-" "Mozilla/5.0 (X11; U; Linux x86_64) AppleWebKit/537.36 (KHTML, like Gecko) Ubuntu Chromium/115.0.5810.222 Chrome/115.0.5810.222 Safari/537.36"
164.90.241.135 - - [08/Aug/2025:07:03:32 +0000] "GET /sw-SJCU-jqg.js HTTP/2.0" 200 314578 "https://sakura.wiki/" "Mozilla/5.0 (X11; U; Linux x86_64) AppleWebKit/537.36 (KHTML, like Gecko) Ubuntu Chromium/115.0.5810.222 Chrome/115.0.5810.222 Safari/537.36"
164.90.241.135 - - [08/Aug/2025:07:03:33 +0000] "GET /sw-BmNWwcxg.js HTTP/2.0" 200 26485 "https://sakura.wiki/" "Mozilla/5.0 (X11; U; Linux x86_64) AppleWebKit/537.36 (KHTML, like Gecko) Ubuntu Chromium/115.0.5810.222 Chrome/115.0.5810.222 Safari/537.36"
164.90.241.135 - - [08/Aug/2025:07:03:33 +0000] "GET /assets/assets/fonts/KFOmCnqEu92Fr1Mu4mxKKTU1Kg.woff2 HTTP/2.0" 200 11016 "https://sakura.wiki/assets/index-BTFcKfX-.css" "Mozilla/5.0 (X11; U; Linux x86_64) AppleWebKit/537.36 (KHTML, like Gecko) Ubuntu Chromium/115.0.5810.222 Chrome/115.0.5810.222 Safari/537.36"
164.90.241.135 - - [08/Aug/2025:07:03:33 +0000] "GET /sw-BmNWwcxg.js HTTP/2.0" 200 26485 "https://sakura.wiki/" "Mozilla/5.0 (X11; U; Linux x86_64) AppleWebKit/537.36 (KHTML, like Gecko) Ubuntu Chromium/115.0.5810.222 Chrome/115.0.5810.222 Safari/537.36"
164.90.241.135 - - [08/Aug/2025:07:03:33 +0000] "GET /assets/img/icon-32.png HTTP/2.0" 404 9970 "https://sakura.wiki/" "Mozilla/5.0 (X11; U; Linux x86_64) AppleWebKit/537.36 (KHTML, like Gecko) Ubuntu Chromium/115.0.5810.222 Chrome/115.0.5810.222 Safari/537.36"
164.90.241.135 - - [08/Aug/2025:07:03:33 +0000] "GET /assets/img/icon-16.png HTTP/2.0" 404 9970 "https://sakura.wiki/" "Mozilla/5.0 (X11; U; Linux x86_64) AppleWebKit/537.36 (KHTML, like Gecko) Ubuntu Chromium/115.0.5810.222 Chrome/115.0.5810.222 Safari/537.36"
164.90.241.135 - - [08/Aug/2025:07:03:33 +0000] "GET /telebook/api/profile-data.php HTTP/2.0" 404 9970 "https://sakura.wiki/" "Mozilla/5.0 (X11; U; Linux x86_64) AppleWebKit/537.36 (KHTML, like Gecko) Ubuntu Chromium/115.0.5810.222 Chrome/115.0.5810.222 Safari/537.36"
174.138.115.87 - - [08/Aug/2025:07:03:34 +0000] "GET /sw-SJCU-jqg.js HTTP/2.0" 200 314578 "https://sakura.wiki/" "Mozilla/5.0 (X11; U; Linux x86_64) AppleWebKit/537.36 (KHTML, like Gecko) Ubuntu Chromium/115.0.5810.222 Chrome/115.0.5810.222 Safari/537.36"
174.138.115.87 - - [08/Aug/2025:07:03:34 +0000] "GET /sw-BmNWwcxg.js HTTP/2.0" 200 26485 "https://sakura.wiki/" "Mozilla/5.0 (X11; U; Linux x86_64) AppleWebKit/537.36 (KHTML, like Gecko) Ubuntu Chromium/115.0.5810.222 Chrome/115.0.5810.222 Safari/537.36"
174.138.115.87 - - [08/Aug/2025:07:03:34 +0000] "GET /assets/assets/fonts/KFOmCnqEu92Fr1Mu4mxKKTU1Kg.woff2 HTTP/2.0" 200 11016 "https://sakura.wiki/assets/index-BTFcKfX-.css" "Mozilla/5.0 (X11; U; Linux x86_64) AppleWebKit/537.36 (KHTML, like Gecko) Ubuntu Chromium/115.0.5810.222 Chrome/115.0.5810.222 Safari/537.36"
164.90.241.135 - - [08/Aug/2025:07:03:34 +0000] "GET /assets/assets/fonts/KFOlCnqEu92Fr1MmEU9fBBc4AMP6lQ.woff2 HTTP/2.0" 200 11056 "https://sakura.wiki/assets/index-BTFcKfX-.css" "Mozilla/5.0 (X11; U; Linux x86_64) AppleWebKit/537.36 (KHTML, like Gecko) Ubuntu Chromium/115.0.5810.222 Chrome/115.0.5810.222 Safari/537.36"
146.190.11.185 - - [08/Aug/2025:07:03:35 +0000] "GET /sw-BmNWwcxg.js HTTP/2.0" 200 26485 "https://sakura.wiki/" "Mozilla/5.0 (X11; U; Linux x86_64) AppleWebKit/537.36 (KHTML, like Gecko) Ubuntu Chromium/115.0.5810.222 Chrome/115.0.5810.222 Safari/537.36"
146.190.11.185 - - [08/Aug/2025:07:03:35 +0000] "GET /sw-SJCU-jqg.js HTTP/2.0" 200 314578 "https://sakura.wiki/" "Mozilla/5.0 (X11; U; Linux x86_64) AppleWebKit/537.36 (KHTML, like Gecko) Ubuntu Chromium/115.0.5810.222 Chrome/115.0.5810.222 Safari/537.36"
146.190.11.185 - - [08/Aug/2025:07:03:35 +0000] "GET /assets/assets/fonts/KFOmCnqEu92Fr1Mu4mxKKTU1Kg.woff2 HTTP/2.0" 200 11016 "https://sakura.wiki/assets/index-BTFcKfX-.css" "Mozilla/5.0 (X11; U; Linux x86_64) AppleWebKit/537.36 (KHTML, like Gecko) Ubuntu Chromium/115.0.5810.222 Chrome/115.0.5810.222 Safari/537.36"
174.138.115.87 - - [08/Aug/2025:07:03:35 +0000] "GET /sw-BmNWwcxg.js HTTP/2.0" 200 26485 "https://sakura.wiki/" "Mozilla/5.0 (X11; U; Linux x86_64) AppleWebKit/537.36 (KHTML, like Gecko) Ubuntu Chromium/115.0.5810.222 Chrome/115.0.5810.222 Safari/537.36"
174.138.115.87 - - [08/Aug/2025:07:03:35 +0000] "GET /assets/img/icon-32.png HTTP/2.0" 404 9970 "https://sakura.wiki/" "Mozilla/5.0 (X11; U; Linux x86_64) AppleWebKit/537.36 (KHTML, like Gecko) Ubuntu Chromium/115.0.5810.222 Chrome/115.0.5810.222 Safari/537.36"
146.190.11.185 - - [08/Aug/2025:07:03:35 +0000] "GET /sw-BmNWwcxg.js HTTP/2.0" 200 26485 "https://sakura.wiki/" "Mozilla/5.0 (X11; U; Linux x86_64) AppleWebKit/537.36 (KHTML, like Gecko) Ubuntu Chromium/115.0.5810.222 Chrome/115.0.5810.222 Safari/537.36"
174.138.115.87 - - [08/Aug/2025:07:03:35 +0000] "GET /telebook/api/profile-data.php HTTP/2.0" 404 9970 "https://sakura.wiki/" "Mozilla/5.0 (X11; U; Linux x86_64) AppleWebKit/537.36 (KHTML, like Gecko) Ubuntu Chromium/115.0.5810.222 Chrome/115.0.5810.222 Safari/537.36"
174.138.115.87 - - [08/Aug/2025:07:03:36 +0000] "GET /assets/img/icon-16.png HTTP/2.0" 404 9970 "https://sakura.wiki/" "Mozilla/5.0 (X11; U; Linux x86_64) AppleWebKit/537.36 (KHTML, like Gecko) Ubuntu Chromium/115.0.5810.222 Chrome/115.0.5810.222 Safari/537.36"
146.190.11.185 - - [08/Aug/2025:07:03:36 +0000] "GET /assets/img/icon-32.png HTTP/2.0" 404 9970 "https://sakura.wiki/" "Mozilla/5.0 (X11; U; Linux x86_64) AppleWebKit/537.36 (KHTML, like Gecko) Ubuntu Chromium/115.0.5810.222 Chrome/115.0.5810.222 Safari/537.36"
146.190.11.185 - - [08/Aug/2025:07:03:36 +0000] "GET /telebook/api/profile-data.php HTTP/2.0" 404 9970 "https://sakura.wiki/" "Mozilla/5.0 (X11; U; Linux x86_64) AppleWebKit/537.36 (KHTML, like Gecko) Ubuntu Chromium/115.0.5810.222 Chrome/115.0.5810.222 Safari/537.36"
146.190.11.185 - - [08/Aug/2025:07:03:36 +0000] "GET /assets/img/icon-16.png HTTP/2.0" 404 9970 "https://sakura.wiki/" "Mozilla/5.0 (X11; U; Linux x86_64) AppleWebKit/537.36 (KHTML, like Gecko) Ubuntu Chromium/115.0.5810.222 Chrome/115.0.5810.222 Safari/537.36"
164.90.241.135 - - [08/Aug/2025:07:03:37 +0000] "GET /sw-J3PrCgfy.js HTTP/2.0" 200 107592 "https://sakura.wiki/" "\x22Mozilla/5.0 (Windows NT 10.0; Win64; x64) AppleWebKit/537.36 (KHTML, like Gecko) Chrome/127.0.0.0 Safari/537.36\x22"
174.138.115.87 - - [08/Aug/2025:07:03:37 +0000] "GET /assets/assets/fonts/KFOlCnqEu92Fr1MmEU9fBBc4AMP6lQ.woff2 HTTP/2.0" 200 11056 "https://sakura.wiki/assets/index-BTFcKfX-.css" "Mozilla/5.0 (X11; U; Linux x86_64) AppleWebKit/537.36 (KHTML, like Gecko) Ubuntu Chromium/115.0.5810.222 Chrome/115.0.5810.222 Safari/537.36"
43.249.129.177 - - [08/Aug/2025:07:03:37 +0000] "GET /index.php HTTP/1.1" 404 26314 "-" "Mozilla/5.0 (Windows NT 10.0; Win64; x64) AppleWebKit/537.36 (KHTML, like Gecko) Chrome/132.0.0.0 Safari/537.36 Edg/132.0.0.0"
146.190.11.185 - - [08/Aug/2025:07:03:37 +0000] "GET /assets/assets/fonts/KFOlCnqEu92Fr1MmEU9fBBc4AMP6lQ.woff2 HTTP/2.0" 200 11056 "https://sakura.wiki/assets/index-BTFcKfX-.css" "Mozilla/5.0 (X11; U; Linux x86_64) AppleWebKit/537.36 (KHTML, like Gecko) Ubuntu Chromium/115.0.5810.222 Chrome/115.0.5810.222 Safari/537.36"
174.138.115.87 - - [08/Aug/2025:07:03:38 +0000] "GET /sw-J3PrCgfy.js HTTP/2.0" 200 107592 "https://sakura.wiki/" "\x22Mozilla/5.0 (Windows NT 10.0; Win64; x64) AppleWebKit/537.36 (KHTML, like Gecko) Chrome/127.0.0.0 Safari/537.36\x22"
146.190.11.185 - - [08/Aug/2025:07:03:38 +0000] "GET /sw-J3PrCgfy.js HTTP/2.0" 200 107592 "https://sakura.wiki/" "\x22Mozilla/5.0 (Windows NT 10.0; Win64; x64) AppleWebKit/537.36 (KHTML, like Gecko) Chrome/127.0.0.0 Safari/537.36\x22"
164.90.241.135 - - [08/Aug/2025:07:03:38 +0000] "GET /assets/img/logo_padded.svg HTTP/2.0" 200 669 "https://sakura.wiki/sw-J3PrCgfy.js" "Mozilla/5.0 (X11; U; Linux x86_64) AppleWebKit/537.36 (KHTML, like Gecko) Ubuntu Chromium/115.0.5810.222 Chrome/115.0.5810.222 Safari/537.36"
164.90.241.135 - - [08/Aug/2025:07:03:38 +0000] "GET /assets/assets/fonts/KFOmCnqEu92Fr1Mu5mxKKTU1Kvnz.woff2 HTTP/2.0" 200 6720 "https://sakura.wiki/sw-J3PrCgfy.js" "Mozilla/5.0 (X11; U; Linux x86_64) AppleWebKit/537.36 (KHTML, like Gecko) Ubuntu Chromium/115.0.5810.222 Chrome/115.0.5810.222 Safari/537.36"
164.90.241.135 - - [08/Aug/2025:07:03:38 +0000] "GET /assets/assets/fonts/KFOmCnqEu92Fr1Mu7GxKKTU1Kvnz.woff2 HTTP/2.0" 200 8024 "https://sakura.wiki/sw-J3PrCgfy.js" "Mozilla/5.0 (X11; U; Linux x86_64) AppleWebKit/537.36 (KHTML, like Gecko) Ubuntu Chromium/115.0.5810.222 Chrome/115.0.5810.222 Safari/537.36"
164.90.241.135 - - [08/Aug/2025:07:03:38 +0000] "GET /assets/assets/fonts/KFOlCnqEu92Fr1MmEU9fABc4AMP6lbBP.woff2 HTTP/2.0" 200 6864 "https://sakura.wiki/sw-J3PrCgfy.js" "Mozilla/5.0 (X11; U; Linux x86_64) AppleWebKit/537.36 (KHTML, like Gecko) Ubuntu Chromium/115.0.5810.222 Chrome/115.0.5810.222 Safari/537.36"
164.90.241.135 - - [08/Aug/2025:07:03:38 +0000] "GET /assets/assets/fonts/KFOlCnqEu92Fr1MmEU9fChc4AMP6lbBP.woff2 HTTP/2.0" 200 7924 "https://sakura.wiki/sw-J3PrCgfy.js" "Mozilla/5.0 (X11; U; Linux x86_64) AppleWebKit/537.36 (KHTML, like Gecko) Ubuntu Chromium/115.0.5810.222 Chrome/115.0.5810.222 Safari/537.36"
43.249.129.177 - - [08/Aug/2025:07:03:39 +0000] "GET /.f35.php HTTP/1.1" 404 26314 "-" "Mozilla/5.0 (Windows NT 10.0; Win64; x64) AppleWebKit/537.36 (KHTML, like Gecko) Chrome/132.0.0.0 Safari/537.36 Edg/132.0.0.0"
43.249.129.177 - - [08/Aug/2025:07:03:42 +0000] "GET /wpo.php HTTP/1.1" 404 26314 "-" "Mozilla/5.0 (Windows NT 10.0; Win64; x64) AppleWebKit/537.36 (KHTML, like Gecko) Chrome/132.0.0.0 Safari/537.36 Edg/132.0.0.0"
174.138.115.87 - - [08/Aug/2025:07:03:42 +0000] "GET /assets/img/logo_padded.svg HTTP/2.0" 200 669 "https://sakura.wiki/sw-J3PrCgfy.js" "Mozilla/5.0 (X11; U; Linux x86_64) AppleWebKit/537.36 (KHTML, like Gecko) Ubuntu Chromium/115.0.5810.222 Chrome/115.0.5810.222 Safari/537.36"
43.249.129.177 - - [08/Aug/2025:07:03:42 +0000] "GET /sw-SJCU-jqg.js HTTP/2.0" 200 314578 "https://sakura.wiki/" "Mozilla/5.0 (X11; U; Linux x86_64) AppleWebKit/537.36 (KHTML, like Gecko) Ubuntu Chromium/115.0.5810.222 Chrome/115.0.5810.222 Safari/537.36"
43.249.129.177 - - [08/Aug/2025:07:03:42 +0000] "GET /sw-BmNWwcxg.js HTTP/2.0" 200 26485 "https://sakura.wiki/" "Mozilla/5.0 (X11; U; Linux x86_64) AppleWebKit/537.36 (KHTML, like Gecko) Ubuntu Chromium/115.0.5810.222 Chrome/115.0.5810.222 Safari/537.36"
43.249.129.177 - - [08/Aug/2025:07:03:42 +0000] "GET /assets/assets/fonts/KFOmCnqEu92Fr1Mu4mxKKTU1Kg.woff2 HTTP/2.0" 200 11016 "https://sakura.wiki/assets/index-BTFcKfX-.css" "Mozilla/5.0 (X11; U; Linux x86_64) AppleWebKit/537.36 (KHTML, like Gecko) Ubuntu Chromium/115.0.5810.222 Chrome/115.0.5810.222 Safari/537.36"
43.249.129.177 - - [08/Aug/2025:07:03:43 +0000] "GET /sw-BmNWwcxg.js HTTP/2.0" 200 26485 "https://sakura.wiki/" "Mozilla/5.0 (X11; U; Linux x86_64) AppleWebKit/537.36 (KHTML, like Gecko) Ubuntu Chromium/115.0.5810.222 Chrome/115.0.5810.222 Safari/537.36"
43.249.129.177 - - [08/Aug/2025:07:03:43 +0000] "GET /assets/img/icon-32.png HTTP/2.0" 404 9970 "https://sakura.wiki/" "Mozilla/5.0 (X11; U; Linux x86_64) AppleWebKit/537.36 (KHTML, like Gecko) Ubuntu Chromium/115.0.5810.222 Chrome/115.0.5810.222 Safari/537.36"
43.249.129.177 - - [08/Aug/2025:07:03:43 +0000] "GET /telebook/api/profile-data.php HTTP/2.0" 404 9970 "https://sakura.wiki/" "Mozilla/5.0 (X11; U; Linux x86_64) AppleWebKit/537.36 (KHTML, like Gecko) Ubuntu Chromium/115.0.5810.222 Chrome/115.0.5810.222 Safari/537.36"
146.190.11.185 - - [08/Aug/2025:07:03:43 +0000] "GET /assets/img/logo_padded.svg HTTP/2.0" 200 669 "https://sakura.wiki/sw-J3PrCgfy.js" "Mozilla/5.0 (X11; U; Linux x86_64) AppleWebKit/537.36 (KHTML, like Gecko) Ubuntu Chromium/115.0.5810.222 Chrome/115.0.5810.222 Safari/537.36"
43.249.129.177 - - [08/Aug/2025:07:03:44 +0000] "GET /admin.php HTTP/1.1" 404 26314 "-" "Mozilla/5.0 (Windows NT 10.0; Win64; x64) AppleWebKit/537.36 (KHTML, like Gecko) Chrome/132.0.0.0 Safari/537.36 Edg/132.0.0.0"
43.249.129.177 - - [08/Aug/2025:07:03:44 +0000] "GET /assets/img/icon-16.png HTTP/2.0" 404 9970 "https://sakura.wiki/" "Mozilla/5.0 (X11; U; Linux x86_64) AppleWebKit/537.36 (KHTML, like Gecko) Ubuntu Chromium/115.0.5810.222 Chrome/115.0.5810.222 Safari/537.36"
43.249.129.177 - - [08/Aug/2025:07:03:44 +0000] "GET /sw-SJCU-jqg.js HTTP/2.0" 200 314578 "https://sakura.wiki/" "Mozilla/5.0 (X11; U; Linux x86_64) AppleWebKit/537.36 (KHTML, like Gecko) Ubuntu Chromium/115.0.5810.222 Chrome/115.0.5810.222 Safari/537.36"
43.249.129.177 - - [08/Aug/2025:07:03:44 +0000] "GET /sw-BmNWwcxg.js HTTP/2.0" 200 26485 "https://sakura.wiki/" "Mozilla/5.0 (X11; U; Linux x86_64) AppleWebKit/537.36 (KHTML, like Gecko) Ubuntu Chromium/115.0.5810.222 Chrome/115.0.5810.222 Safari/537.36"
43.249.129.177 - - [08/Aug/2025:07:03:44 +0000] "GET /assets/assets/fonts/KFOmCnqEu92Fr1Mu4mxKKTU1Kg.woff2 HTTP/2.0" 200 11016 "https://sakura.wiki/assets/index-BTFcKfX-.css" "Mozilla/5.0 (X11; U; Linux x86_64) AppleWebKit/537.36 (KHTML, like Gecko) Ubuntu Chromium/115.0.5810.222 Chrome/115.0.5810.222 Safari/537.36"
43.249.129.177 - - [08/Aug/2025:07:03:45 +0000] "GET /sw-J3PrCgfy.js HTTP/2.0" 200 107592 "https://sakura.wiki/" "\x22Mozilla/5.0 (Windows NT 10.0; Win64; x64) AppleWebKit/537.36 (KHTML, like Gecko) Chrome/127.0.0.0 Safari/537.36\x22"
43.249.129.177 - - [08/Aug/2025:07:03:45 +0000] "GET /telebook/api/profile-data.php HTTP/2.0" 404 9970 "https://sakura.wiki/" "Mozilla/5.0 (X11; U; Linux x86_64) AppleWebKit/537.36 (KHTML, like Gecko) Ubuntu Chromium/115.0.5810.222 Chrome/115.0.5810.222 Safari/537.36"
43.249.129.177 - - [08/Aug/2025:07:03:46 +0000] "GET /sw-BmNWwcxg.js HTTP/2.0" 200 26485 "https://sakura.wiki/" "Mozilla/5.0 (X11; U; Linux x86_64) AppleWebKit/537.36 (KHTML, like Gecko) Ubuntu Chromium/115.0.5810.222 Chrome/115.0.5810.222 Safari/537.36"
43.249.129.177 - - [08/Aug/2025:07:03:46 +0000] "GET /assets/img/icon-32.png HTTP/2.0" 404 9970 "https://sakura.wiki/" "Mozilla/5.0 (X11; U; Linux x86_64) AppleWebKit/537.36 (KHTML, like Gecko) Ubuntu Chromium/115.0.5810.222 Chrome/115.0.5810.222 Safari/537.36"
43.249.129.177 - - [08/Aug/2025:07:03:47 +0000] "GET /options.php HTTP/1.1" 404 26314 "-" "Mozilla/5.0 (Windows NT 10.0; Win64; x64) AppleWebKit/537.36 (KHTML, like Gecko) Chrome/132.0.0.0 Safari/537.36 Edg/132.0.0.0"
43.249.129.177 - - [08/Aug/2025:07:03:47 +0000] "GET /assets/img/icon-16.png HTTP/2.0" 404 9970 "https://sakura.wiki/" "Mozilla/5.0 (X11; U; Linux x86_64) AppleWebKit/537.36 (KHTML, like Gecko) Ubuntu Chromium/115.0.5810.222 Chrome/115.0.5810.222 Safari/537.36"
43.249.129.177 - - [08/Aug/2025:07:03:47 +0000] "GET /sw-J3PrCgfy.js HTTP/2.0" 200 107592 "https://sakura.wiki/" "\x22Mozilla/5.0 (Windows NT 10.0; Win64; x64) AppleWebKit/537.36 (KHTML, like Gecko) Chrome/127.0.0.0 Safari/537.36\x22"
43.249.129.177 - - [08/Aug/2025:07:03:47 +0000] "GET /assets/assets/fonts/KFOlCnqEu92Fr1MmEU9fBBc4AMP6lQ.woff2 HTTP/2.0" 200 11056 "https://sakura.wiki/sw-J3PrCgfy.js" "Mozilla/5.0 (X11; U; Linux x86_64) AppleWebKit/537.36 (KHTML, like Gecko) Ubuntu Chromium/115.0.5810.222 Chrome/115.0.5810.222 Safari/537.36"
43.249.129.177 - - [08/Aug/2025:07:03:49 +0000] "GET /cache.php HTTP/1.1" 404 26314 "-" "Mozilla/5.0 (Windows NT 10.0; Win64; x64) AppleWebKit/537.36 (KHTML, like Gecko) Chrome/132.0.0.0 Safari/537.36 Edg/132.0.0.0"
43.249.129.177 - - [08/Aug/2025:07:03:49 +0000] "GET /assets/assets/fonts/KFOlCnqEu92Fr1MmEU9fBBc4AMP6lQ.woff2 HTTP/2.0" 200 11056 "https://sakura.wiki/sw-J3PrCgfy.js" "Mozilla/5.0 (X11; U; Linux x86_64) AppleWebKit/537.36 (KHTML, like Gecko) Ubuntu Chromium/115.0.5810.222 Chrome/115.0.5810.222 Safari/537.36"
43.249.129.177 - - [08/Aug/2025:07:03:51 +0000] "GET /product.php HTTP/1.1" 404 26314 "-" "Mozilla/5.0 (Windows NT 10.0; Win64; x64) AppleWebKit/537.36 (KHTML, like Gecko) Chrome/132.0.0.0 Safari/537.36 Edg/132.0.0.0"
43.249.129.177 - - [08/Aug/2025:07:03:54 +0000] "GET /assets/img/logo_padded.svg HTTP/2.0" 200 669 "https://sakura.wiki/sw-J3PrCgfy.js" "Mozilla/5.0 (X11; U; Linux x86_64) AppleWebKit/537.36 (KHTML, like Gecko) Ubuntu Chromium/115.0.5810.222 Chrome/115.0.5810.222 Safari/537.36"
43.249.129.177 - - [08/Aug/2025:07:03:55 +0000] "GET /assets/img/logo_padded.svg HTTP/2.0" 200 669 "https://sakura.wiki/sw-J3PrCgfy.js" "Mozilla/5.0 (X11; U; Linux x86_64) AppleWebKit/537.36 (KHTML, like Gecko) Ubuntu Chromium/115.0.5810.222 Chrome/115.0.5810.222 Safari/537.36"
43.249.129.177 - - [08/Aug/2025:07:04:07 +0000] "GET /images/images/images/images/images/images/ HTTP/1.1" 200 26314 "-" "Mozilla/5.0 (Windows NT 10.0; Win64; x64) AppleWebKit/537.36 (KHTML, like Gecko) Chrome/132.0.0.0 Safari/537.36 Edg/132.0.0.0"
190.123.46.123 - - [08/Aug/2025:07:04:09 +0000] "GET / HTTP/1.1" 301 162 "-" "Mozilla/5.0 (X11; U; Linux x86_64) AppleWebKit/537.36 (KHTML, like Gecko) Ubuntu Chromium/115.0.5810.222 Chrome/115.0.5810.222 Safari/537.36"
190.123.46.123 - - [08/Aug/2025:07:04:09 +0000] "GET / HTTP/2.0" 200 9970 "-" "Mozilla/5.0 (X11; U; Linux x86_64) AppleWebKit/537.36 (KHTML, like Gecko) Ubuntu Chromium/115.0.5810.222 Chrome/115.0.5810.222 Safari/537.36"
43.249.129.177 - - [08/Aug/2025:07:04:09 +0000] "GET /images/images/images/images/images/images/rzwl_N1BZSiTzhKo5.php HTTP/1.1" 404 26314 "-" "Mozilla/5.0 (Windows NT 10.0; Win64; x64) AppleWebKit/537.36 (KHTML, like Gecko) Chrome/132.0.0.0 Safari/537.36 Edg/132.0.0.0"
43.249.129.177 - - [08/Aug/2025:07:04:11 +0000] "GET /images/images/images/images/images/images/ad_aIiyIRR_K1OGeoI.php HTTP/1.1" 404 26314 "-" "Mozilla/5.0 (Windows NT 10.0; Win64; x64) AppleWebKit/537.36 (KHTML, like Gecko) Chrome/132.0.0.0 Safari/537.36 Edg/132.0.0.0"
43.249.129.177 - - [08/Aug/2025:07:04:13 +0000] "GET /images/images/images/images/images/images/VWR9aYBl4oFebHi5l2S.php HTTP/1.1" 404 26314 "-" "Mozilla/5.0 (Windows NT 10.0; Win64; x64) AppleWebKit/537.36 (KHTML, like Gecko) Chrome/132.0.0.0 Safari/537.36 Edg/132.0.0.0"
190.123.46.123 - - [08/Aug/2025:07:04:14 +0000] "GET /sw-SJCU-jqg.js HTTP/2.0" 200 314578 "https://sakura.wiki/" "Mozilla/5.0 (X11; U; Linux x86_64) AppleWebKit/537.36 (KHTML, like Gecko) Ubuntu Chromium/115.0.5810.222 Chrome/115.0.5810.222 Safari/537.36"
190.123.46.123 - - [08/Aug/2025:07:04:15 +0000] "GET /sw-BmNWwcxg.js HTTP/2.0" 200 26485 "https://sakura.wiki/" "Mozilla/5.0 (X11; U; Linux x86_64) AppleWebKit/537.36 (KHTML, like Gecko) Ubuntu Chromium/115.0.5810.222 Chrome/115.0.5810.222 Safari/537.36"
190.123.46.123 - - [08/Aug/2025:07:04:15 +0000] "GET /assets/assets/fonts/KFOmCnqEu92Fr1Mu4mxKKTU1Kg.woff2 HTTP/2.0" 200 11016 "https://sakura.wiki/assets/index-BTFcKfX-.css" "Mozilla/5.0 (X11; U; Linux x86_64) AppleWebKit/537.36 (KHTML, like Gecko) Ubuntu Chromium/115.0.5810.222 Chrome/115.0.5810.222 Safari/537.36"
43.249.129.177 - - [08/Aug/2025:07:04:15 +0000] "GET /images/images/images/images/images/images/cache.php HTTP/1.1" 404 26314 "-" "Mozilla/5.0 (Windows NT 10.0; Win64; x64) AppleWebKit/537.36 (KHTML, like Gecko) Chrome/132.0.0.0 Safari/537.36 Edg/132.0.0.0"
190.123.46.123 - - [08/Aug/2025:07:04:16 +0000] "GET /telebook/api/profile-data.php HTTP/2.0" 404 9970 "https://sakura.wiki/" "Mozilla/5.0 (X11; U; Linux x86_64) AppleWebKit/537.36 (KHTML, like Gecko) Ubuntu Chromium/115.0.5810.222 Chrome/115.0.5810.222 Safari/537.36"
190.123.46.123 - - [08/Aug/2025:07:04:16 +0000] "GET /sw-BmNWwcxg.js HTTP/2.0" 200 26485 "https://sakura.wiki/" "Mozilla/5.0 (X11; U; Linux x86_64) AppleWebKit/537.36 (KHTML, like Gecko) Ubuntu Chromium/115.0.5810.222 Chrome/115.0.5810.222 Safari/537.36"
190.123.46.123 - - [08/Aug/2025:07:04:16 +0000] "GET /assets/img/icon-32.png HTTP/2.0" 404 9970 "https://sakura.wiki/" "Mozilla/5.0 (X11; U; Linux x86_64) AppleWebKit/537.36 (KHTML, like Gecko) Ubuntu Chromium/115.0.5810.222 Chrome/115.0.5810.222 Safari/537.36"
190.123.46.123 - - [08/Aug/2025:07:04:16 +0000] "GET /assets/img/icon-16.png HTTP/2.0" 404 9970 "https://sakura.wiki/" "Mozilla/5.0 (X11; U; Linux x86_64) AppleWebKit/537.36 (KHTML, like Gecko) Ubuntu Chromium/115.0.5810.222 Chrome/115.0.5810.222 Safari/537.36"
43.249.129.177 - - [08/Aug/2025:07:04:17 +0000] "GET /images/images/images/ HTTP/1.1" 200 26314 "-" "Mozilla/5.0 (Windows NT 10.0; Win64; x64) AppleWebKit/537.36 (KHTML, like Gecko) Chrome/132.0.0.0 Safari/537.36 Edg/132.0.0.0"
190.123.46.123 - - [08/Aug/2025:07:04:18 +0000] "GET /assets/assets/fonts/KFOlCnqEu92Fr1MmEU9fBBc4AMP6lQ.woff2 HTTP/2.0" 200 11056 "https://sakura.wiki/assets/index-BTFcKfX-.css" "Mozilla/5.0 (X11; U; Linux x86_64) AppleWebKit/537.36 (KHTML, like Gecko) Ubuntu Chromium/115.0.5810.222 Chrome/115.0.5810.222 Safari/537.36"
43.249.129.177 - - [08/Aug/2025:07:04:19 +0000] "GET /images/images/images/gnQkrIMzYXFa9zV9I.php HTTP/1.1" 404 26314 "-" "Mozilla/5.0 (Windows NT 10.0; Win64; x64) AppleWebKit/537.36 (KHTML, like Gecko) Chrome/132.0.0.0 Safari/537.36 Edg/132.0.0.0"
190.123.46.123 - - [08/Aug/2025:07:04:20 +0000] "GET /sw-J3PrCgfy.js HTTP/2.0" 200 107592 "https://sakura.wiki/" "\x22Mozilla/5.0 (Windows NT 10.0; Win64; x64) AppleWebKit/537.36 (KHTML, like Gecko) Chrome/127.0.0.0 Safari/537.36\x22"
43.249.129.177 - - [08/Aug/2025:07:04:22 +0000] "GET /images/images/images/m6eW5hvkL_WnMjQ7wK.php HTTP/1.1" 404 26314 "-" "Mozilla/5.0 (Windows NT 10.0; Win64; x64) AppleWebKit/537.36 (KHTML, like Gecko) Chrome/132.0.0.0 Safari/537.36 Edg/132.0.0.0"
190.123.46.123 - - [08/Aug/2025:07:04:23 +0000] "GET /assets/img/logo_padded.svg HTTP/2.0" 200 669 "https://sakura.wiki/sw-J3PrCgfy.js" "Mozilla/5.0 (X11; U; Linux x86_64) AppleWebKit/537.36 (KHTML, like Gecko) Ubuntu Chromium/115.0.5810.222 Chrome/115.0.5810.222 Safari/537.36"
43.249.129.177 - - [08/Aug/2025:07:04:26 +0000] "GET /images/images/images/2NkaxnPDNP0TGwzs_yl.php HTTP/1.1" 404 26314 "-" "Mozilla/5.0 (Windows NT 10.0; Win64; x64) AppleWebKit/537.36 (KHTML, like Gecko) Chrome/132.0.0.0 Safari/537.36 Edg/132.0.0.0"
43.249.129.177 - - [08/Aug/2025:07:04:29 +0000] "GET /images/images/images/cache.php HTTP/1.1" 404 26314 "-" "Mozilla/5.0 (Windows NT 10.0; Win64; x64) AppleWebKit/537.36 (KHTML, like Gecko) Chrome/132.0.0.0 Safari/537.36 Edg/132.0.0.0"
43.249.129.177 - - [08/Aug/2025:07:04:31 +0000] "GET /.w/ HTTP/1.1" 200 26314 "-" "Mozilla/5.0 (Windows NT 10.0; Win64; x64) AppleWebKit/537.36 (KHTML, like Gecko) Chrome/132.0.0.0 Safari/537.36 Edg/132.0.0.0"
43.249.129.177 - - [08/Aug/2025:07:04:33 +0000] "GET /.w/Mf_hO8g5BQesClDI3.php HTTP/1.1" 404 26314 "-" "Mozilla/5.0 (Windows NT 10.0; Win64; x64) AppleWebKit/537.36 (KHTML, like Gecko) Chrome/132.0.0.0 Safari/537.36 Edg/132.0.0.0"
43.249.129.177 - - [08/Aug/2025:07:04:36 +0000] "GET /.w/PbG3T_GpTkdWRy7kbu.php HTTP/1.1" 404 26314 "-" "Mozilla/5.0 (Windows NT 10.0; Win64; x64) AppleWebKit/537.36 (KHTML, like Gecko) Chrome/132.0.0.0 Safari/537.36 Edg/132.0.0.0"
43.249.129.177 - - [08/Aug/2025:07:04:38 +0000] "GET /.w/AsuLaag54hlzuSrDE48.php HTTP/1.1" 404 26314 "-" "Mozilla/5.0 (Windows NT 10.0; Win64; x64) AppleWebKit/537.36 (KHTML, like Gecko) Chrome/132.0.0.0 Safari/537.36 Edg/132.0.0.0"
43.249.129.177 - - [08/Aug/2025:07:04:39 +0000] "GET /.w/shellv3.php HTTP/1.1" 404 26314 "-" "Mozilla/5.0 (Windows NT 10.0; Win64; x64) AppleWebKit/537.36 (KHTML, like Gecko) Chrome/132.0.0.0 Safari/537.36 Edg/132.0.0.0"
43.249.129.177 - - [08/Aug/2025:07:04:41 +0000] "GET /.w/cong.php HTTP/1.1" 404 26314 "-" "Mozilla/5.0 (Windows NT 10.0; Win64; x64) AppleWebKit/537.36 (KHTML, like Gecko) Chrome/132.0.0.0 Safari/537.36 Edg/132.0.0.0"
43.249.129.177 - - [08/Aug/2025:07:04:44 +0000] "GET /.w/test.php HTTP/1.1" 404 26314 "-" "Mozilla/5.0 (Windows NT 10.0; Win64; x64) AppleWebKit/537.36 (KHTML, like Gecko) Chrome/132.0.0.0 Safari/537.36 Edg/132.0.0.0"
43.249.129.177 - - [08/Aug/2025:07:04:46 +0000] "GET /.w/lufix.php HTTP/1.1" 404 26314 "-" "Mozilla/5.0 (Windows NT 10.0; Win64; x64) AppleWebKit/537.36 (KHTML, like Gecko) Chrome/132.0.0.0 Safari/537.36 Edg/132.0.0.0"
43.249.129.177 - - [08/Aug/2025:07:04:48 +0000] "GET /.w/alfditz.php HTTP/1.1" 404 26314 "-" "Mozilla/5.0 (Windows NT 10.0; Win64; x64) AppleWebKit/537.36 (KHTML, like Gecko) Chrome/132.0.0.0 Safari/537.36 Edg/132.0.0.0"
43.249.129.177 - - [08/Aug/2025:07:04:50 +0000] "GET /.w/alfanewditz.php HTTP/1.1" 404 26314 "-" "Mozilla/5.0 (Windows NT 10.0; Win64; x64) AppleWebKit/537.36 (KHTML, like Gecko) Chrome/132.0.0.0 Safari/537.36 Edg/132.0.0.0"
43.249.129.177 - - [08/Aug/2025:07:04:52 +0000] "GET /.w/wpautoedit.php HTTP/1.1" 404 26314 "-" "Mozilla/5.0 (Windows NT 10.0; Win64; x64) AppleWebKit/537.36 (KHTML, like Gecko) Chrome/132.0.0.0 Safari/537.36 Edg/132.0.0.0"
43.249.129.177 - - [08/Aug/2025:07:04:55 +0000] "GET /.w/wsoditz.php HTTP/1.1" 404 26314 "-" "Mozilla/5.0 (Windows NT 10.0; Win64; x64) AppleWebKit/537.36 (KHTML, like Gecko) Chrome/132.0.0.0 Safari/537.36 Edg/132.0.0.0"
43.249.129.177 - - [08/Aug/2025:07:04:57 +0000] "GET /.w/index1.php HTTP/1.1" 404 26314 "-" "Mozilla/5.0 (Windows NT 10.0; Win64; x64) AppleWebKit/537.36 (KHTML, like Gecko) Chrome/132.0.0.0 Safari/537.36 Edg/132.0.0.0"
43.249.129.177 - - [08/Aug/2025:07:05:03 +0000] "GET /.w/sym403bp.php HTTP/1.1" 404 26314 "-" "Mozilla/5.0 (Windows NT 10.0; Win64; x64) AppleWebKit/537.36 (KHTML, like Gecko) Chrome/132.0.0.0 Safari/537.36 Edg/132.0.0.0"
43.249.129.177 - - [08/Aug/2025:07:05:05 +0000] "GET /.w/xleet.php HTTP/1.1" 404 26314 "-" "Mozilla/5.0 (Windows NT 10.0; Win64; x64) AppleWebKit/537.36 (KHTML, like Gecko) Chrome/132.0.0.0 Safari/537.36 Edg/132.0.0.0"
43.249.129.177 - - [08/Aug/2025:07:05:09 +0000] "GET /.w/wsoditz1.php HTTP/1.1" 404 26314 "-" "Mozilla/5.0 (Windows NT 10.0; Win64; x64) AppleWebKit/537.36 (KHTML, like Gecko) Chrome/132.0.0.0 Safari/537.36 Edg/132.0.0.0"
43.249.129.177 - - [08/Aug/2025:07:05:12 +0000] "GET /.w/.f35.php HTTP/1.1" 404 26314 "-" "Mozilla/5.0 (Windows NT 10.0; Win64; x64) AppleWebKit/537.36 (KHTML, like Gecko) Chrome/132.0.0.0 Safari/537.36 Edg/132.0.0.0"
43.249.129.177 - - [08/Aug/2025:07:05:33 +0000] "GET /wp-content/Uprz25DLHa2oWwOoW.php HTTP/1.1" 404 26314 "-" "Mozilla/5.0 (Windows NT 10.0; Win64; x64) AppleWebKit/537.36 (KHTML, like Gecko) Chrome/132.0.0.0 Safari/537.36 Edg/132.0.0.0"
43.249.129.177 - - [08/Aug/2025:07:05:37 +0000] "GET /wp-content/cTuhqTVgTO8Y5MFnoI.php HTTP/1.1" 404 26314 "-" "Mozilla/5.0 (Windows NT 10.0; Win64; x64) AppleWebKit/537.36 (KHTML, like Gecko) Chrome/132.0.0.0 Safari/537.36 Edg/132.0.0.0"
43.249.129.177 - - [08/Aug/2025:07:05:44 +0000] "GET /wp-content/paSrD5YbnjOrzNYBXyL.php HTTP/1.1" 404 26314 "-" "Mozilla/5.0 (Windows NT 10.0; Win64; x64) AppleWebKit/537.36 (KHTML, like Gecko) Chrome/132.0.0.0 Safari/537.36 Edg/132.0.0.0"
43.249.129.177 - - [08/Aug/2025:07:05:47 +0000] "GET /wp-content/hplfuns.php HTTP/1.1" 404 26314 "-" "Mozilla/5.0 (Windows NT 10.0; Win64; x64) AppleWebKit/537.36 (KHTML, like Gecko) Chrome/132.0.0.0 Safari/537.36 Edg/132.0.0.0"
43.249.129.177 - - [08/Aug/2025:07:05:56 +0000] "GET /wp-content/item.php HTTP/1.1" 404 26314 "-" "Mozilla/5.0 (Windows NT 10.0; Win64; x64) AppleWebKit/537.36 (KHTML, like Gecko) Chrome/132.0.0.0 Safari/537.36 Edg/132.0.0.0"
43.249.129.177 - - [08/Aug/2025:07:06:14 +0000] "GET /_layouts/16/ HTTP/1.1" 200 26314 "-" "Mozilla/5.0 (Windows NT 10.0; Win64; x64) AppleWebKit/537.36 (KHTML, like Gecko) Chrome/132.0.0.0 Safari/537.36 Edg/132.0.0.0"
43.249.129.177 - - [08/Aug/2025:07:06:16 +0000] "GET /_layouts/16/Tpi_3U1uQmNoGVJl6.php HTTP/1.1" 404 26314 "-" "Mozilla/5.0 (Windows NT 10.0; Win64; x64) AppleWebKit/537.36 (KHTML, like Gecko) Chrome/132.0.0.0 Safari/537.36 Edg/132.0.0.0"
43.249.129.177 - - [08/Aug/2025:07:06:26 +0000] "GET /_layouts/16/mJrWPf1UUfJIopcdo6.php HTTP/1.1" 404 26314 "-" "Mozilla/5.0 (Windows NT 10.0; Win64; x64) AppleWebKit/537.36 (KHTML, like Gecko) Chrome/132.0.0.0 Safari/537.36 Edg/132.0.0.0"
43.249.129.177 - - [08/Aug/2025:07:06:28 +0000] "GET /_layouts/16/rg1_Y5AhHFJSeEyzozw.php HTTP/1.1" 404 26314 "-" "Mozilla/5.0 (Windows NT 10.0; Win64; x64) AppleWebKit/537.36 (KHTML, like Gecko) Chrome/132.0.0.0 Safari/537.36 Edg/132.0.0.0"
43.249.129.177 - - [08/Aug/2025:07:06:45 +0000] "GET /.wp/ HTTP/1.1" 200 26314 "-" "Mozilla/5.0 (Windows NT 10.0; Win64; x64) AppleWebKit/537.36 (KHTML, like Gecko) Chrome/132.0.0.0 Safari/537.36 Edg/132.0.0.0"
43.249.129.177 - - [08/Aug/2025:07:06:47 +0000] "GET /.wp/VIrLhCtI41Asjs_sP.php HTTP/1.1" 404 26314 "-" "Mozilla/5.0 (Windows NT 10.0; Win64; x64) AppleWebKit/537.36 (KHTML, like Gecko) Chrome/132.0.0.0 Safari/537.36 Edg/132.0.0.0"
43.249.129.177 - - [08/Aug/2025:07:06:49 +0000] "GET /.wp/HD0rlAUp9lexe7t_uT.php HTTP/1.1" 404 26314 "-" "Mozilla/5.0 (Windows NT 10.0; Win64; x64) AppleWebKit/537.36 (KHTML, like Gecko) Chrome/132.0.0.0 Safari/537.36 Edg/132.0.0.0"
43.249.129.177 - - [08/Aug/2025:07:06:51 +0000] "GET /.wp/4H28PLHGKiRSbgSBNBs.php HTTP/1.1" 404 26314 "-" "Mozilla/5.0 (Windows NT 10.0; Win64; x64) AppleWebKit/537.36 (KHTML, like Gecko) Chrome/132.0.0.0 Safari/537.36 Edg/132.0.0.0"
43.249.129.177 - - [08/Aug/2025:07:06:53 +0000] "GET /.wp/alfditz.php HTTP/1.1" 404 26314 "-" "Mozilla/5.0 (Windows NT 10.0; Win64; x64) AppleWebKit/537.36 (KHTML, like Gecko) Chrome/132.0.0.0 Safari/537.36 Edg/132.0.0.0"
209.38.171.212 - - [08/Aug/2025:07:06:53 +0000] "GET / HTTP/1.1" 301 162 "-" "Mozilla/5.0 (Linux; Android 10; K) AppleWebKit/537.36 (KHTML, like Gecko) Chrome/131.0.0.0 Mobile Safari/537.36"
146.190.11.185 - - [08/Aug/2025:07:06:53 +0000] "GET / HTTP/1.1" 301 162 "-" "Mozilla/5.0 (Linux; Android 10; K) AppleWebKit/537.36 (KHTML, like Gecko) Chrome/131.0.0.0 Mobile Safari/537.36"
170.64.241.17 - - [08/Aug/2025:07:06:53 +0000] "GET / HTTP/1.1" 301 162 "-" "Mozilla/5.0 (Linux; Android 10; K) AppleWebKit/537.36 (KHTML, like Gecko) Chrome/131.0.0.0 Mobile Safari/537.36"
23.146.243.202 - - [08/Aug/2025:07:06:53 +0000] "GET / HTTP/1.1" 301 162 "-" "Mozilla/5.0 (Linux; Android 10; K) AppleWebKit/537.36 (KHTML, like Gecko) Chrome/131.0.0.0 Mobile Safari/537.36"
209.38.171.212 - - [08/Aug/2025:07:06:54 +0000] "GET / HTTP/1.1" 200 9983 "-" "Mozilla/5.0 (Linux; Android 10; K) AppleWebKit/537.36 (KHTML, like Gecko) Chrome/131.0.0.0 Mobile Safari/537.36"
146.190.11.185 - - [08/Aug/2025:07:06:54 +0000] "GET / HTTP/1.1" 200 9983 "-" "Mozilla/5.0 (Linux; Android 10; K) AppleWebKit/537.36 (KHTML, like Gecko) Chrome/131.0.0.0 Mobile Safari/537.36"
23.146.243.202 - - [08/Aug/2025:07:06:55 +0000] "GET / HTTP/1.1" 200 9983 "-" "Mozilla/5.0 (Linux; Android 10; K) AppleWebKit/537.36 (KHTML, like Gecko) Chrome/131.0.0.0 Mobile Safari/537.36"
23.146.243.202 - - [08/Aug/2025:07:06:55 +0000] "GET / HTTP/2.0" 200 9970 "-" "Mozilla/5.0 (Linux; Android 10; K) AppleWebKit/537.36 (KHTML, like Gecko) Chrome/131.0.0.0 Mobile Safari/537.36"
170.64.241.17 - - [08/Aug/2025:07:06:55 +0000] "GET / HTTP/1.1" 200 9983 "-" "Mozilla/5.0 (Linux; Android 10; K) AppleWebKit/537.36 (KHTML, like Gecko) Chrome/131.0.0.0 Mobile Safari/537.36"
43.249.129.177 - - [08/Aug/2025:07:06:55 +0000] "GET /.wp/cong.php HTTP/1.1" 404 26314 "-" "Mozilla/5.0 (Windows NT 10.0; Win64; x64) AppleWebKit/537.36 (KHTML, like Gecko) Chrome/132.0.0.0 Safari/537.36 Edg/132.0.0.0"
209.38.171.212 - - [08/Aug/2025:07:06:56 +0000] "GET / HTTP/2.0" 200 9970 "-" "Mozilla/5.0 (Linux; Android 10; K) AppleWebKit/537.36 (KHTML, like Gecko) Chrome/131.0.0.0 Mobile Safari/537.36"
23.146.243.202 - - [08/Aug/2025:07:06:56 +0000] "GET / HTTP/2.0" 200 9970 "-" "Mozilla/5.0 (Linux; Android 10; K) AppleWebKit/537.36 (KHTML, like Gecko) Chrome/131.0.0.0 Mobile Safari/537.36"
23.146.243.202 - - [08/Aug/2025:07:06:57 +0000] "GET / HTTP/1.1" 301 162 "-" "Mozilla/5.0 (Linux; Android 10; K) AppleWebKit/537.36 (KHTML, like Gecko) Chrome/131.0.0.0 Mobile Safari/537.36"
23.146.243.202 - - [08/Aug/2025:07:06:58 +0000] "GET / HTTP/2.0" 200 9970 "-" "Mozilla/5.0 (Linux; Android 10; K) AppleWebKit/537.36 (KHTML, like Gecko) Chrome/131.0.0.0 Mobile Safari/537.36"
43.249.129.177 - - [08/Aug/2025:07:06:58 +0000] "GET /.wp/wsoditz.php HTTP/1.1" 404 26314 "-" "Mozilla/5.0 (Windows NT 10.0; Win64; x64) AppleWebKit/537.36 (KHTML, like Gecko) Chrome/132.0.0.0 Safari/537.36 Edg/132.0.0.0"
23.146.243.202 - - [08/Aug/2025:07:06:59 +0000] "GET / HTTP/1.1" 301 162 "-" "Mozilla/5.0 (Linux; Android 10; K) AppleWebKit/537.36 (KHTML, like Gecko) Chrome/131.0.0.0 Mobile Safari/537.36"
23.146.243.202 - - [08/Aug/2025:07:06:59 +0000] "GET / HTTP/2.0" 200 9970 "-" "Mozilla/5.0 (Linux; Android 10; K) AppleWebKit/537.36 (KHTML, like Gecko) Chrome/131.0.0.0 Mobile Safari/537.36"
43.249.129.177 - - [08/Aug/2025:07:06:59 +0000] "GET /.wp/index1.php HTTP/1.1" 404 26314 "-" "Mozilla/5.0 (Windows NT 10.0; Win64; x64) AppleWebKit/537.36 (KHTML, like Gecko) Chrome/132.0.0.0 Safari/537.36 Edg/132.0.0.0"
43.249.129.177 - - [08/Aug/2025:07:07:01 +0000] "GET /.wp/wpautoedit.php HTTP/1.1" 404 26314 "-" "Mozilla/5.0 (Windows NT 10.0; Win64; x64) AppleWebKit/537.36 (KHTML, like Gecko) Chrome/132.0.0.0 Safari/537.36 Edg/132.0.0.0"
23.146.243.202 - - [08/Aug/2025:07:07:01 +0000] "GET /sw-SJCU-jqg.js HTTP/2.0" 200 314578 "https://sakura.wiki/" "Mozilla/5.0 (Linux; Android 10; K) AppleWebKit/537.36 (KHTML, like Gecko) Chrome/131.0.0.0 Mobile Safari/537.36"
23.146.243.202 - - [08/Aug/2025:07:07:01 +0000] "GET /sw-BmNWwcxg.js HTTP/2.0" 200 26485 "https://sakura.wiki/" "Mozilla/5.0 (Linux; Android 10; K) AppleWebKit/537.36 (KHTML, like Gecko) Chrome/131.0.0.0 Mobile Safari/537.36"
23.146.243.202 - - [08/Aug/2025:07:07:01 +0000] "GET /assets/assets/fonts/KFOmCnqEu92Fr1Mu4mxKKTU1Kg.woff2 HTTP/2.0" 200 11016 "https://sakura.wiki/assets/index-BTFcKfX-.css" "Mozilla/5.0 (Linux; Android 10; K) AppleWebKit/537.36 (KHTML, like Gecko) Chrome/131.0.0.0 Mobile Safari/537.36"
23.146.243.202 - - [08/Aug/2025:07:07:02 +0000] "GET /sw-BmNWwcxg.js HTTP/2.0" 200 26485 "https://sakura.wiki/" "Mozilla/5.0 (Linux; Android 10; K) AppleWebKit/537.36 (KHTML, like Gecko) Chrome/131.0.0.0 Mobile Safari/537.36"
209.38.171.212 - - [08/Aug/2025:07:07:02 +0000] "GET /sw-SJCU-jqg.js HTTP/2.0" 200 314578 "https://sakura.wiki/" "Mozilla/5.0 (Linux; Android 10; K) AppleWebKit/537.36 (KHTML, like Gecko) Chrome/131.0.0.0 Mobile Safari/537.36"
23.146.243.202 - - [08/Aug/2025:07:07:02 +0000] "GET /assets/img/icon-32.png HTTP/2.0" 404 9970 "https://sakura.wiki/" "Mozilla/5.0 (Linux; Android 10; K) AppleWebKit/537.36 (KHTML, like Gecko) Chrome/131.0.0.0 Mobile Safari/537.36"
209.38.171.212 - - [08/Aug/2025:07:07:02 +0000] "GET /sw-BmNWwcxg.js HTTP/2.0" 200 26485 "https://sakura.wiki/" "Mozilla/5.0 (Linux; Android 10; K) AppleWebKit/537.36 (KHTML, like Gecko) Chrome/131.0.0.0 Mobile Safari/537.36"
209.38.171.212 - - [08/Aug/2025:07:07:02 +0000] "GET /assets/assets/fonts/KFOmCnqEu92Fr1Mu4mxKKTU1Kg.woff2 HTTP/2.0" 200 11016 "https://sakura.wiki/assets/index-BTFcKfX-.css" "Mozilla/5.0 (Linux; Android 10; K) AppleWebKit/537.36 (KHTML, like Gecko) Chrome/131.0.0.0 Mobile Safari/537.36"
23.146.243.202 - - [08/Aug/2025:07:07:02 +0000] "GET /telebook/api/profile-data.php HTTP/2.0" 404 9970 "https://sakura.wiki/" "Mozilla/5.0 (Linux; Android 10; K) AppleWebKit/537.36 (KHTML, like Gecko) Chrome/131.0.0.0 Mobile Safari/537.36"
23.146.243.202 - - [08/Aug/2025:07:07:03 +0000] "GET /assets/img/icon-16.png HTTP/2.0" 404 9970 "https://sakura.wiki/" "Mozilla/5.0 (Linux; Android 10; K) AppleWebKit/537.36 (KHTML, like Gecko) Chrome/131.0.0.0 Mobile Safari/537.36"
209.38.171.212 - - [08/Aug/2025:07:07:03 +0000] "GET /sw-BmNWwcxg.js HTTP/2.0" 200 26485 "https://sakura.wiki/" "Mozilla/5.0 (Linux; Android 10; K) AppleWebKit/537.36 (KHTML, like Gecko) Chrome/131.0.0.0 Mobile Safari/537.36"
209.38.171.212 - - [08/Aug/2025:07:07:03 +0000] "GET /assets/img/icon-32.png HTTP/2.0" 404 9970 "https://sakura.wiki/" "Mozilla/5.0 (Linux; Android 10; K) AppleWebKit/537.36 (KHTML, like Gecko) Chrome/131.0.0.0 Mobile Safari/537.36"
209.38.171.212 - - [08/Aug/2025:07:07:03 +0000] "GET /assets/img/icon-16.png HTTP/2.0" 404 9970 "https://sakura.wiki/" "Mozilla/5.0 (Linux; Android 10; K) AppleWebKit/537.36 (KHTML, like Gecko) Chrome/131.0.0.0 Mobile Safari/537.36"
146.190.11.185 - - [08/Aug/2025:07:07:03 +0000] "GET / HTTP/1.1" 301 162 "-" "Mozilla/5.0 (Linux; Android 10; K) AppleWebKit/537.36 (KHTML, like Gecko) Chrome/131.0.0.0 Mobile Safari/537.36"
170.64.241.17 - - [08/Aug/2025:07:07:03 +0000] "GET / HTTP/1.1" 301 162 "-" "Mozilla/5.0 (Linux; Android 10; K) AppleWebKit/537.36 (KHTML, like Gecko) Chrome/131.0.0.0 Mobile Safari/537.36"
146.190.11.185 - - [08/Aug/2025:07:07:03 +0000] "GET / HTTP/2.0" 200 9970 "-" "Mozilla/5.0 (Linux; Android 10; K) AppleWebKit/537.36 (KHTML, like Gecko) Chrome/131.0.0.0 Mobile Safari/537.36"
209.38.171.212 - - [08/Aug/2025:07:07:03 +0000] "GET /telebook/api/profile-data.php HTTP/2.0" 404 9970 "https://sakura.wiki/" "Mozilla/5.0 (Linux; Android 10; K) AppleWebKit/537.36 (KHTML, like Gecko) Chrome/131.0.0.0 Mobile Safari/537.36"
170.64.241.17 - - [08/Aug/2025:07:07:03 +0000] "GET / HTTP/2.0" 200 9970 "-" "Mozilla/5.0 (Linux; Android 10; K) AppleWebKit/537.36 (KHTML, like Gecko) Chrome/131.0.0.0 Mobile Safari/537.36"
23.146.243.202 - - [08/Aug/2025:07:07:04 +0000] "GET /sw-SJCU-jqg.js HTTP/2.0" 200 314578 "https://sakura.wiki/" "Mozilla/5.0 (Linux; Android 10; K) AppleWebKit/537.36 (KHTML, like Gecko) Chrome/131.0.0.0 Mobile Safari/537.36"
23.146.243.202 - - [08/Aug/2025:07:07:04 +0000] "GET /assets/assets/fonts/KFOlCnqEu92Fr1MmEU9fBBc4AMP6lQ.woff2 HTTP/2.0" 200 11056 "https://sakura.wiki/assets/index-BTFcKfX-.css" "Mozilla/5.0 (Linux; Android 10; K) AppleWebKit/537.36 (KHTML, like Gecko) Chrome/131.0.0.0 Mobile Safari/537.36"
23.146.243.202 - - [08/Aug/2025:07:07:04 +0000] "GET /sw-BmNWwcxg.js HTTP/2.0" 200 26485 "https://sakura.wiki/" "Mozilla/5.0 (Linux; Android 10; K) AppleWebKit/537.36 (KHTML, like Gecko) Chrome/131.0.0.0 Mobile Safari/537.36"
23.146.243.202 - - [08/Aug/2025:07:07:04 +0000] "GET /assets/assets/fonts/KFOmCnqEu92Fr1Mu4mxKKTU1Kg.woff2 HTTP/2.0" 200 11016 "https://sakura.wiki/assets/index-BTFcKfX-.css" "Mozilla/5.0 (Linux; Android 10; K) AppleWebKit/537.36 (KHTML, like Gecko) Chrome/131.0.0.0 Mobile Safari/537.36"
209.38.171.212 - - [08/Aug/2025:07:07:04 +0000] "GET /assets/assets/fonts/KFOlCnqEu92Fr1MmEU9fBBc4AMP6lQ.woff2 HTTP/2.0" 200 11056 "https://sakura.wiki/assets/index-BTFcKfX-.css" "Mozilla/5.0 (Linux; Android 10; K) AppleWebKit/537.36 (KHTML, like Gecko) Chrome/131.0.0.0 Mobile Safari/537.36"
23.146.243.202 - - [08/Aug/2025:07:07:04 +0000] "GET /sw-J3PrCgfy.js HTTP/2.0" 200 107592 "https://sakura.wiki/" "\x22Mozilla/5.0 (Windows NT 10.0; Win64; x64) AppleWebKit/537.36 (KHTML, like Gecko) Chrome/127.0.0.0 Safari/537.36\x22"
23.146.243.202 - - [08/Aug/2025:07:07:04 +0000] "GET /sw-BmNWwcxg.js HTTP/2.0" 200 26485 "https://sakura.wiki/" "Mozilla/5.0 (Linux; Android 10; K) AppleWebKit/537.36 (KHTML, like Gecko) Chrome/131.0.0.0 Mobile Safari/537.36"
23.146.243.202 - - [08/Aug/2025:07:07:04 +0000] "GET /assets/img/icon-32.png HTTP/2.0" 404 9970 "https://sakura.wiki/" "Mozilla/5.0 (Linux; Android 10; K) AppleWebKit/537.36 (KHTML, like Gecko) Chrome/131.0.0.0 Mobile Safari/537.36"
43.249.129.177 - - [08/Aug/2025:07:07:05 +0000] "GET /.wp/alfanewditz.php HTTP/1.1" 404 26314 "-" "Mozilla/5.0 (Windows NT 10.0; Win64; x64) AppleWebKit/537.36 (KHTML, like Gecko) Chrome/132.0.0.0 Safari/537.36 Edg/132.0.0.0"
23.146.243.202 - - [08/Aug/2025:07:07:05 +0000] "GET /telebook/api/profile-data.php HTTP/2.0" 404 9970 "https://sakura.wiki/" "Mozilla/5.0 (Linux; Android 10; K) AppleWebKit/537.36 (KHTML, like Gecko) Chrome/131.0.0.0 Mobile Safari/537.36"
209.38.171.212 - - [08/Aug/2025:07:07:05 +0000] "GET /sw-J3PrCgfy.js HTTP/2.0" 200 107592 "https://sakura.wiki/" "\x22Mozilla/5.0 (Windows NT 10.0; Win64; x64) AppleWebKit/537.36 (KHTML, like Gecko) Chrome/127.0.0.0 Safari/537.36\x22"
23.146.243.202 - - [08/Aug/2025:07:07:05 +0000] "GET /assets/img/icon-16.png HTTP/2.0" 404 9970 "https://sakura.wiki/" "Mozilla/5.0 (Linux; Android 10; K) AppleWebKit/537.36 (KHTML, like Gecko) Chrome/131.0.0.0 Mobile Safari/537.36"
23.146.243.202 - - [08/Aug/2025:07:07:06 +0000] "GET /assets/assets/fonts/KFOlCnqEu92Fr1MmEU9fBBc4AMP6lQ.woff2 HTTP/2.0" 200 11056 "https://sakura.wiki/assets/index-BTFcKfX-.css" "Mozilla/5.0 (Linux; Android 10; K) AppleWebKit/537.36 (KHTML, like Gecko) Chrome/131.0.0.0 Mobile Safari/537.36"
43.249.129.177 - - [08/Aug/2025:07:07:07 +0000] "GET /.wp/wsoditz1.php HTTP/1.1" 404 26314 "-" "Mozilla/5.0 (Windows NT 10.0; Win64; x64) AppleWebKit/537.36 (KHTML, like Gecko) Chrome/132.0.0.0 Safari/537.36 Edg/132.0.0.0"
209.38.171.212 - - [08/Aug/2025:07:07:07 +0000] "GET /sw--aUfWGB2.js HTTP/2.0" 200 22892 "https://sakura.wiki/sw-J3PrCgfy.js" "Mozilla/5.0 (Linux; Android 10; K) AppleWebKit/537.36 (KHTML, like Gecko) Chrome/131.0.0.0 Mobile Safari/537.36"
209.38.171.212 - - [08/Aug/2025:07:07:07 +0000] "GET /assets/assets/fonts/KFOmCnqEu92Fr1Mu7GxKKTU1Kvnz.woff2 HTTP/2.0" 200 8024 "https://sakura.wiki/sw-J3PrCgfy.js" "Mozilla/5.0 (Linux; Android 10; K) AppleWebKit/537.36 (KHTML, like Gecko) Chrome/131.0.0.0 Mobile Safari/537.36"
209.38.171.212 - - [08/Aug/2025:07:07:07 +0000] "GET /sw--aUfWGB2.js HTTP/2.0" 200 22892 "https://sakura.wiki/sw-J3PrCgfy.js" "Mozilla/5.0 (Linux; Android 10; K) AppleWebKit/537.36 (KHTML, like Gecko) Chrome/131.0.0.0 Mobile Safari/537.36"
209.38.171.212 - - [08/Aug/2025:07:07:07 +0000] "GET /rlottie-wasm.wasm HTTP/2.0" 200 317584 "https://sakura.wiki/sw-J3PrCgfy.js" "Mozilla/5.0 (Linux; Android 10; K) AppleWebKit/537.36 (KHTML, like Gecko) Chrome/131.0.0.0 Mobile Safari/537.36"
209.38.171.212 - - [08/Aug/2025:07:07:07 +0000] "GET /assets/assets/fonts/KFOmCnqEu92Fr1Mu5mxKKTU1Kvnz.woff2 HTTP/2.0" 200 6720 "https://sakura.wiki/sw-J3PrCgfy.js" "Mozilla/5.0 (Linux; Android 10; K) AppleWebKit/537.36 (KHTML, like Gecko) Chrome/131.0.0.0 Mobile Safari/537.36"
